******************************************************************************
                  TI ARM Linker PC v18.12.4                    
******************************************************************************
>> Linked Mon Jun 10 22:22:18 2024

OUTPUT FILE NAME:   <Lab06_GPIO.out>
ENTRY POINT SYMBOL: "_c_int00_noargs"  address: 00001855


MEMORY CONFIGURATION

         name            origin    length      used     unused   attr    fill
----------------------  --------  ---------  --------  --------  ----  --------
  MAIN                  00000000   00040000  00001920  0003e6e0  R  X
  INFO                  00200000   00004000  00000000  00004000  R  X
  SRAM_CODE             01000000   00010000  00000232  0000fdce  RW X
  SRAM_DATA             20000000   00010000  00000232  0000fdce  RW  


SEGMENT ALLOCATION MAP

run origin  load origin   length   init length attrs members
----------  ----------- ---------- ----------- ----- -------
00000000    00000000    00001920   00001920    r-x
  00000000    00000000    000000e4   000000e4    r-- .intvecs
  000000e4    000000e4    000017e4   000017e4    r-x .text
  000018c8    000018c8    00000020   00000020    r-- .const
  000018e8    000018e8    00000038   00000038    r-- .cinit
20000000    20000000    00000032   00000000    rw-
  20000000    20000000    00000028   00000000    rw- .data
  20000028    20000028    0000000a   00000000    rw- .bss
2000fe00    2000fe00    00000200   00000000    rw-
  2000fe00    2000fe00    00000200   00000000    rw- .stack


SECTION ALLOCATION MAP

 output                                  attributes/
section   page    origin      length       input sections
--------  ----  ----------  ----------   ----------------
.intvecs   0    00000000    000000e4     
                  00000000    000000e4     startup_msp432p401r_ccs.obj (.intvecs:retain)

.text      0    000000e4    000017e4     
                  000000e4    00000630     TExaS.obj (.text)
                  00000714    00000396     main.obj (.text)
                  00000aaa    00000002     --HOLE-- [fill = 0]
                  00000aac    0000032c     system_msp432p401r.obj (.text)
                  00000dd8    00000228     PWM.obj (.text)
                  00001000    000001e8     Reflectance.obj (.text)
                  000011e8    000001e0     Clock.obj (.text)
                  000013c8    00000174     Motor.obj (.text)
                  0000153c    000000f4     LaunchPad.obj (.text)
                  00001630    000000dc     Bump.obj (.text)
                  0000170c    0000009c     rtsv7M4_T_le_v4SPD16_eabi.lib : memcpy_t2.asm.obj (.text)
                  000017a8    00000068                                   : copy_decompress_lzss.c.obj (.text:decompress:lzss:__TI_decompress_lzss)
                  00001810    00000044                                   : autoinit.c.obj (.text:__TI_auto_init_nobinit_nopinit:__TI_auto_init_nobinit_nopinit)
                  00001854    00000034                                   : boot_cortex_m.c.obj (.text:_c_int00_noargs:_c_int00_noargs)
                  00001888    0000001c                                   : copy_zero_init.c.obj (.text:decompress:ZI:__TI_zero_init_nomemset:__TI_zero_init_nomemset)
                  000018a4    0000000e                                   : copy_decompress_none.c.obj (.text:decompress:none:__TI_decompress_none)
                  000018b2    0000000e     startup_msp432p401r_ccs.obj (.text)
                  000018c0    00000004     rtsv7M4_T_le_v4SPD16_eabi.lib : pre_init.c.obj (.text:_system_pre_init)
                  000018c4    00000004                                   : exit.c.obj (.text:abort:abort)

.const     0    000018c8    00000020     
                  000018c8    00000020     Reflectance.obj (.const:$P$T0$1)

.cinit     0    000018e8    00000038     
                  000018e8    0000000d     (.cinit..data.load) [load image, compression = lzss]
                  000018f5    00000003     --HOLE-- [fill = 0]
                  000018f8    0000000c     (__TI_handler_table)
                  00001904    00000004     --HOLE-- [fill = 0]
                  00001908    00000008     (.cinit..bss.load) [load image, compression = zero_init]
                  00001910    00000010     (__TI_cinit_table)

.init_array 
*          0    00000000    00000000     UNINITIALIZED

.binit     0    00000000    00000000     

.data      0    20000000    00000028     UNINITIALIZED
                  20000000    00000018     Clock.obj (.data)
                  20000018    0000000c     TExaS.obj (.data)
                  20000024    00000004     system_msp432p401r.obj (.data)

.bss       0    20000028    0000000a     UNINITIALIZED
                  20000028    00000004     (.common:PeriodicTask2)
                  2000002c    00000004     (.common:position)
                  20000030    00000001     (.common:Data)
                  20000031    00000001     (.common:LogicData)

.stack     0    2000fe00    00000200     UNINITIALIZED
                  2000fe00    00000004     rtsv7M4_T_le_v4SPD16_eabi.lib : boot_cortex_m.c.obj (.stack)
                  2000fe04    000001fc     --HOLE--

MODULE SUMMARY

       Module                        code   ro data   rw data
       ------                        ----   -------   -------
    .\
       TExaS.obj                     1584   0         34     
       main.obj                      918    0         8      
       system_msp432p401r.obj        812    0         8      
       PWM.obj                       552    0         0      
       Clock.obj                     480    0         48     
       Reflectance.obj               488    32        0      
       Motor.obj                     372    0         0      
       LaunchPad.obj                 244    0         0      
       startup_msp432p401r_ccs.obj   14     228       0      
       Bump.obj                      220    0         0      
       Lab06_GPIOmain.obj            0      0         2      
    +--+-----------------------------+------+---------+---------+
       Total:                        5684   260       100    
                                                             
    C:\ti\ccs930\ccs\tools\compiler\ti-cgt-arm_18.12.4.LTS\lib\rtsv7M4_T_le_v4SPD16_eabi.lib
       memcpy_t2.asm.obj             156    0         0      
       copy_decompress_lzss.c.obj    104    0         0      
       autoinit.c.obj                68     0         0      
       boot_cortex_m.c.obj           52     0         0      
       copy_zero_init.c.obj          28     0         0      
       copy_decompress_none.c.obj    14     0         0      
       exit.c.obj                    4      0         0      
       pre_init.c.obj                4      0         0      
    +--+-----------------------------+------+---------+---------+
       Total:                        430    0         0      
                                                             
       Stack:                        0      0         1024   
       Linker Generated:             0      49        0      
    +--+-----------------------------+------+---------+---------+
       Grand Total:                  6114   309       1124   


LINKER GENERATED COPY TABLES

__TI_cinit_table @ 00001910 records: 2, size/record: 8, table size: 16
	.data: load addr=000018e8, load size=0000000d bytes, run addr=20000000, run size=00000028 bytes, compression=lzss
	.bss: load addr=00001908, load size=00000008 bytes, run addr=20000028, run size=0000000a bytes, compression=zero_init


LINKER GENERATED HANDLER TABLE

__TI_handler_table @ 000018f8 records: 3, size/record: 4, table size: 12
	index: 0, handler: __TI_decompress_lzss
	index: 1, handler: __TI_decompress_none
	index: 2, handler: __TI_zero_init


GLOBAL SYMBOLS: SORTED ALPHABETICALLY BY Name 

address   name                          
-------   ----                          
000018bf  ADC14_IRQHandler              
00000475  ADC_Init                      
000018bf  AES256_IRQHandler             
00001631  Bump_Init                     
00001665  Bump_Read                     
000016dd  Bump_Read1                    
000018bf  BusFault_Handler              
000018c5  C$$EXIT                       
000018bf  COMP_E0_IRQHandler            
000018bf  COMP_E1_IRQHandler            
20000008  CPMwait                       
000018bf  CS_IRQHandler                 
20000000  ClockFrequency                
0000133d  Clock_Delay1ms                
00001313  Clock_Delay1us                
000012ff  Clock_GetFreq                 
000011e9  Clock_Init48MHz               
20000014  Crystalstable                 
000018bf  DMA_ERR_IRQHandler            
000018bf  DMA_INT0_IRQHandler           
000018bf  DMA_INT1_IRQHandler           
000018bf  DMA_INT2_IRQHandler           
000018bf  DMA_INT3_IRQHandler           
20000030  Data                          
000018bf  DebugMon_Handler              
000018bf  Default_Handler               
000018bf  EUSCIA0_IRQHandler            
000018bf  EUSCIA1_IRQHandler            
000018bf  EUSCIA2_IRQHandler            
000018bf  EUSCIA3_IRQHandler            
000018bf  EUSCIB0_IRQHandler            
000018bf  EUSCIB1_IRQHandler            
000018bf  EUSCIB2_IRQHandler            
000018bf  EUSCIB3_IRQHandler            
000018bf  FLCTL_IRQHandler              
000018bf  FPU_IRQHandler                
000018bf  HardFault_Handler             
20000010  IFlags                        
0000153d  LaunchPad_Init                
000015ad  LaunchPad_Input               
000015c7  LaunchPad_LED                 
000015e5  LaunchPad_Output              
000000e5  LogicAnalyzer                 
000000ef  LogicAnalyzer_P1              
000001c5  LogicAnalyzer_P10             
000000fd  LogicAnalyzer_P2              
0000010b  LogicAnalyzer_P2_7654         
0000011b  LogicAnalyzer_P3              
00000129  LogicAnalyzer_P4              
00000147  LogicAnalyzer_P4_765320       
00000137  LogicAnalyzer_P4_765432       
0000017f  LogicAnalyzer_P5              
0000018d  LogicAnalyzer_P6              
0000019b  LogicAnalyzer_P7              
000001a9  LogicAnalyzer_P8              
000001b7  LogicAnalyzer_P9              
20000031  LogicData                     
000018bf  MemManage_Handler             
000014df  Motor_Backward                
0000143b  Motor_Forward                 
000013c9  Motor_Init                    
000014a5  Motor_Left                    
0000146b  Motor_Right                   
0000142f  Motor_Stop                    
000018bf  NMI_Handler                   
000018bf  PCM_IRQHandler                
000018bf  PORT1_IRQHandler              
000018bf  PORT2_IRQHandler              
000018bf  PORT3_IRQHandler              
000018bf  PORT4_IRQHandler              
000018bf  PORT5_IRQHandler              
000018bf  PORT6_IRQHandler              
000018bf  PSS_IRQHandler                
00000ec3  PWM_Duty1                     
00000ee3  PWM_Duty2                     
00000f87  PWM_Duty3                     
00000fa7  PWM_Duty4                     
00000dd9  PWM_Init1                     
00000e3f  PWM_Init12                    
00000f03  PWM_Init34                    
000018bf  PendSV_Handler                
20000028  PeriodicTask2                 
00000257  PeriodicTask2_Init            
000002d1  PeriodicTask2_Stop            
2000000c  Postwait                      
20000004  Prewait                       
000018bf  RTC_C_IRQHandler              
000010b5  Reflectance_Center            
000011ab  Reflectance_End               
00001001  Reflectance_Init              
00001109  Reflectance_Position          
00001067  Reflectance_Read              
000011a9  Reflectance_Start             
000018b3  Reset_Handler                 
000018bf  SVC_Handler                   
000001d3  Scope                         
000018bf  SysTick_Handler               
20000024  SystemCoreClock               
00000aad  SystemCoreClockUpdate         
00000d21  SystemInit                    
000002c1  T32_INT1_IRQHandler           
000002c1  T32_INT1_IRQHandler           
000018bf  T32_INT2_IRQHandler           
000018bf  T32_INTC_IRQHandler           
000018bf  TA0_0_IRQHandler              
000018bf  TA0_N_IRQHandler              
000018bf  TA1_0_IRQHandler              
000018bf  TA1_N_IRQHandler              
000018bf  TA2_0_IRQHandler              
000018bf  TA2_N_IRQHandler              
000018bf  TA3_0_IRQHandler              
000018bf  TA3_N_IRQHandler              
00000413  TExaS_Clear0                  
0000041f  TExaS_Clear1                  
0000042b  TExaS_Clear2                  
00000437  TExaS_Clear3                  
00000443  TExaS_Clear4                  
00000445  TExaS_Clear5                  
00000451  TExaS_Clear6                  
00000551  TExaS_Init                    
2000001c  TExaS_ScopeErrConflict        
20000018  TExaS_ScopeErrLostData        
20000020  TExaS_ScopeWrnReconfig        
000003b1  TExaS_Set                     
000003c9  TExaS_Set0                    
000003d5  TExaS_Set1                    
000003e1  TExaS_Set2                    
000003ed  TExaS_Set3                    
000003f9  TExaS_Set4                    
000003fb  TExaS_Set5                    
00000407  TExaS_Set6                    
000006b1  TExaS_Stop                    
00000367  TExaS_Task0                   
00000373  TExaS_Task1                   
0000037f  TExaS_Task2                   
0000038b  TExaS_Task3                   
00000397  TExaS_Task4                   
00000399  TExaS_Task5                   
000003a5  TExaS_Task6                   
00000715  TimedPause                    
0000033b  UART_InChar                   
000002e1  UART_Init                     
0000034b  UART_OutChar                  
000018bf  UsageFault_Handler            
4000480c  WDTCTL_SYM                    
000018bf  WDT_A_IRQHandler              
20010000  __STACK_END                   
00000200  __STACK_SIZE                  
00001910  __TI_CINIT_Base               
00001920  __TI_CINIT_Limit              
000018f8  __TI_Handler_Table_Base       
00001904  __TI_Handler_Table_Limit      
00001811  __TI_auto_init_nobinit_nopinit
000017a9  __TI_decompress_lzss          
000018a5  __TI_decompress_none          
ffffffff  __TI_pprof_out_hndl           
ffffffff  __TI_prof_data_size           
ffffffff  __TI_prof_data_start          
00000000  __TI_static_base__            
00001889  __TI_zero_init_nomemset       
0000170d  __aeabi_memcpy                
0000170d  __aeabi_memcpy4               
0000170d  __aeabi_memcpy8               
ffffffff  __binit__                     
ffffffff  __c_args__                    
UNDEFED   __mpu_init                    
2000fe00  __stack                       
00001855  _c_int00_noargs               
UNDEFED   _system_post_cinit            
000018c1  _system_pre_init              
000018c5  abort                         
ffffffff  binit                         
00000977  bumprun                       
00000a29  bumprun1                      
00001305  delay                         
0000094b  endstop                       
00000000  interruptVectors              
00000725  line_follower                 
00000a67  main                          
0000170d  memcpy                        
2000002c  position                      


GLOBAL SYMBOLS: SORTED BY Symbol Address 

address   name                          
-------   ----                          
00000000  __TI_static_base__            
00000000  interruptVectors              
000000e5  LogicAnalyzer                 
000000ef  LogicAnalyzer_P1              
000000fd  LogicAnalyzer_P2              
0000010b  LogicAnalyzer_P2_7654         
0000011b  LogicAnalyzer_P3              
00000129  LogicAnalyzer_P4              
00000137  LogicAnalyzer_P4_765432       
00000147  LogicAnalyzer_P4_765320       
0000017f  LogicAnalyzer_P5              
0000018d  LogicAnalyzer_P6              
0000019b  LogicAnalyzer_P7              
000001a9  LogicAnalyzer_P8              
000001b7  LogicAnalyzer_P9              
000001c5  LogicAnalyzer_P10             
000001d3  Scope                         
00000200  __STACK_SIZE                  
00000257  PeriodicTask2_Init            
000002c1  T32_INT1_IRQHandler           
000002c1  T32_INT1_IRQHandler           
000002d1  PeriodicTask2_Stop            
000002e1  UART_Init                     
0000033b  UART_InChar                   
0000034b  UART_OutChar                  
00000367  TExaS_Task0                   
00000373  TExaS_Task1                   
0000037f  TExaS_Task2                   
0000038b  TExaS_Task3                   
00000397  TExaS_Task4                   
00000399  TExaS_Task5                   
000003a5  TExaS_Task6                   
000003b1  TExaS_Set                     
000003c9  TExaS_Set0                    
000003d5  TExaS_Set1                    
000003e1  TExaS_Set2                    
000003ed  TExaS_Set3                    
000003f9  TExaS_Set4                    
000003fb  TExaS_Set5                    
00000407  TExaS_Set6                    
00000413  TExaS_Clear0                  
0000041f  TExaS_Clear1                  
0000042b  TExaS_Clear2                  
00000437  TExaS_Clear3                  
00000443  TExaS_Clear4                  
00000445  TExaS_Clear5                  
00000451  TExaS_Clear6                  
00000475  ADC_Init                      
00000551  TExaS_Init                    
000006b1  TExaS_Stop                    
00000715  TimedPause                    
00000725  line_follower                 
0000094b  endstop                       
00000977  bumprun                       
00000a29  bumprun1                      
00000a67  main                          
00000aad  SystemCoreClockUpdate         
00000d21  SystemInit                    
00000dd9  PWM_Init1                     
00000e3f  PWM_Init12                    
00000ec3  PWM_Duty1                     
00000ee3  PWM_Duty2                     
00000f03  PWM_Init34                    
00000f87  PWM_Duty3                     
00000fa7  PWM_Duty4                     
00001001  Reflectance_Init              
00001067  Reflectance_Read              
000010b5  Reflectance_Center            
00001109  Reflectance_Position          
000011a9  Reflectance_Start             
000011ab  Reflectance_End               
000011e9  Clock_Init48MHz               
000012ff  Clock_GetFreq                 
00001305  delay                         
00001313  Clock_Delay1us                
0000133d  Clock_Delay1ms                
000013c9  Motor_Init                    
0000142f  Motor_Stop                    
0000143b  Motor_Forward                 
0000146b  Motor_Right                   
000014a5  Motor_Left                    
000014df  Motor_Backward                
0000153d  LaunchPad_Init                
000015ad  LaunchPad_Input               
000015c7  LaunchPad_LED                 
000015e5  LaunchPad_Output              
00001631  Bump_Init                     
00001665  Bump_Read                     
000016dd  Bump_Read1                    
0000170d  __aeabi_memcpy                
0000170d  __aeabi_memcpy4               
0000170d  __aeabi_memcpy8               
0000170d  memcpy                        
000017a9  __TI_decompress_lzss          
00001811  __TI_auto_init_nobinit_nopinit
00001855  _c_int00_noargs               
00001889  __TI_zero_init_nomemset       
000018a5  __TI_decompress_none          
000018b3  Reset_Handler                 
000018bf  ADC14_IRQHandler              
000018bf  AES256_IRQHandler             
000018bf  BusFault_Handler              
000018bf  COMP_E0_IRQHandler            
000018bf  COMP_E1_IRQHandler            
000018bf  CS_IRQHandler                 
000018bf  DMA_ERR_IRQHandler            
000018bf  DMA_INT0_IRQHandler           
000018bf  DMA_INT1_IRQHandler           
000018bf  DMA_INT2_IRQHandler           
000018bf  DMA_INT3_IRQHandler           
000018bf  DebugMon_Handler              
000018bf  Default_Handler               
000018bf  EUSCIA0_IRQHandler            
000018bf  EUSCIA1_IRQHandler            
000018bf  EUSCIA2_IRQHandler            
000018bf  EUSCIA3_IRQHandler            
000018bf  EUSCIB0_IRQHandler            
000018bf  EUSCIB1_IRQHandler            
000018bf  EUSCIB2_IRQHandler            
000018bf  EUSCIB3_IRQHandler            
000018bf  FLCTL_IRQHandler              
000018bf  FPU_IRQHandler                
000018bf  HardFault_Handler             
000018bf  MemManage_Handler             
000018bf  NMI_Handler                   
000018bf  PCM_IRQHandler                
000018bf  PORT1_IRQHandler              
000018bf  PORT2_IRQHandler              
000018bf  PORT3_IRQHandler              
000018bf  PORT4_IRQHandler              
000018bf  PORT5_IRQHandler              
000018bf  PORT6_IRQHandler              
000018bf  PSS_IRQHandler                
000018bf  PendSV_Handler                
000018bf  RTC_C_IRQHandler              
000018bf  SVC_Handler                   
000018bf  SysTick_Handler               
000018bf  T32_INT2_IRQHandler           
000018bf  T32_INTC_IRQHandler           
000018bf  TA0_0_IRQHandler              
000018bf  TA0_N_IRQHandler              
000018bf  TA1_0_IRQHandler              
000018bf  TA1_N_IRQHandler              
000018bf  TA2_0_IRQHandler              
000018bf  TA2_N_IRQHandler              
000018bf  TA3_0_IRQHandler              
000018bf  TA3_N_IRQHandler              
000018bf  UsageFault_Handler            
000018bf  WDT_A_IRQHandler              
000018c1  _system_pre_init              
000018c5  C$$EXIT                       
000018c5  abort                         
000018f8  __TI_Handler_Table_Base       
00001904  __TI_Handler_Table_Limit      
00001910  __TI_CINIT_Base               
00001920  __TI_CINIT_Limit              
20000000  ClockFrequency                
20000004  Prewait                       
20000008  CPMwait                       
2000000c  Postwait                      
20000010  IFlags                        
20000014  Crystalstable                 
20000018  TExaS_ScopeErrLostData        
2000001c  TExaS_ScopeErrConflict        
20000020  TExaS_ScopeWrnReconfig        
20000024  SystemCoreClock               
20000028  PeriodicTask2                 
2000002c  position                      
20000030  Data                          
20000031  LogicData                     
2000fe00  __stack                       
20010000  __STACK_END                   
4000480c  WDTCTL_SYM                    
ffffffff  __TI_pprof_out_hndl           
ffffffff  __TI_prof_data_size           
ffffffff  __TI_prof_data_start          
ffffffff  __binit__                     
ffffffff  __c_args__                    
ffffffff  binit                         
UNDEFED   __mpu_init                    
UNDEFED   _system_post_cinit            

[181 symbols]
